Archive member included to satisfy reference by file (symbol)

c:/program files (x86)/atmel/studio/7.0/toolchain/avr8/avr8-gnu-toolchain/bin/../lib/gcc/avr/5.4.0/avr51\libgcc.a(_exit.o)
                              C:/Program Files (x86)/Atmel/Studio/7.0/Packs/atmel/ATmega_DFP/1.7.374/gcc/dev/atmega128a/avr51/crtatmega128a.o (exit)
c:/program files (x86)/atmel/studio/7.0/toolchain/avr8/avr8-gnu-toolchain/bin/../lib/gcc/avr/5.4.0/avr51\libgcc.a(_copy_data.o)
                              driver/fnd/fnd.o (__do_copy_data)
c:/program files (x86)/atmel/studio/7.0/toolchain/avr8/avr8-gnu-toolchain/bin/../lib/gcc/avr/5.4.0/avr51\libgcc.a(_clear_bss.o)
                              ap/stopwatch/stopwatch.o (__do_clear_bss)
c:/program files (x86)/atmel/studio/7.0/toolchain/avr8/avr8-gnu-toolchain/bin/../lib/gcc/avr/5.4.0/avr51\libgcc.a(_umulhisi3.o)
                              driver/fnd/fnd.o (__umulhisi3)

Allocating common symbols
Common symbol       size              file

runStopBtn          0x6               ap/stopwatch/stopwatch.o
prevtime            0x4               ap/stopwatch/stopwatch.o
initBtn             0x6               ap/stopwatch/stopwatch.o
stopwatchState      0x1               ap/stopwatch/stopwatch.o
counter             0x2               ap/stopwatch/stopwatch.o

Discarded input sections

 .data          0x00000000        0x0 C:/Program Files (x86)/Atmel/Studio/7.0/Packs/atmel/ATmega_DFP/1.7.374/gcc/dev/atmega128a/avr51/crtatmega128a.o
 .bss           0x00000000        0x0 C:/Program Files (x86)/Atmel/Studio/7.0/Packs/atmel/ATmega_DFP/1.7.374/gcc/dev/atmega128a/avr51/crtatmega128a.o
 .text          0x00000000        0x0 ap/stopwatch/stopwatch.o
 .data          0x00000000        0x0 ap/stopwatch/stopwatch.o
 .bss           0x00000000        0x0 ap/stopwatch/stopwatch.o
 .text          0x00000000        0x0 common/timetick/timetick.o
 .data          0x00000000        0x0 common/timetick/timetick.o
 .bss           0x00000000        0x0 common/timetick/timetick.o
 .text.initTick
                0x00000000       0x12 common/timetick/timetick.o
 .text.setTick  0x00000000       0x12 common/timetick/timetick.o
 .text          0x00000000        0x0 driver/button/button.o
 .data          0x00000000        0x0 driver/button/button.o
 .bss           0x00000000        0x0 driver/button/button.o
 .text          0x00000000        0x0 driver/fnd/fnd.o
 .data          0x00000000        0x0 driver/fnd/fnd.o
 .bss           0x00000000        0x0 driver/fnd/fnd.o
 .text          0x00000000        0x0 main.o
 .data          0x00000000        0x0 main.o
 .bss           0x00000000        0x0 main.o
 .text          0x00000000        0x0 periph/GPIO/GPIO.o
 .data          0x00000000        0x0 periph/GPIO/GPIO.o
 .bss           0x00000000        0x0 periph/GPIO/GPIO.o
 .text.GPIO_initPort
                0x00000000       0x12 periph/GPIO/GPIO.o
 .text.GPIO_writePort
                0x00000000        0x6 periph/GPIO/GPIO.o
 .text.GPIO_writePin
                0x00000000       0x34 periph/GPIO/GPIO.o
 .text.GPIO_readPort
                0x00000000        0x6 periph/GPIO/GPIO.o
 .text.GPIO_readPin
                0x00000000       0x14 periph/GPIO/GPIO.o
 .text          0x00000000        0x0 periph/TIM/TIM.o
 .data          0x00000000        0x0 periph/TIM/TIM.o
 .bss           0x00000000        0x0 periph/TIM/TIM.o
 .text          0x00000000        0x0 c:/program files (x86)/atmel/studio/7.0/toolchain/avr8/avr8-gnu-toolchain/bin/../lib/gcc/avr/5.4.0/avr51\libgcc.a(_exit.o)
 .data          0x00000000        0x0 c:/program files (x86)/atmel/studio/7.0/toolchain/avr8/avr8-gnu-toolchain/bin/../lib/gcc/avr/5.4.0/avr51\libgcc.a(_exit.o)
 .bss           0x00000000        0x0 c:/program files (x86)/atmel/studio/7.0/toolchain/avr8/avr8-gnu-toolchain/bin/../lib/gcc/avr/5.4.0/avr51\libgcc.a(_exit.o)
 .text.libgcc.mul
                0x00000000        0x0 c:/program files (x86)/atmel/studio/7.0/toolchain/avr8/avr8-gnu-toolchain/bin/../lib/gcc/avr/5.4.0/avr51\libgcc.a(_exit.o)
 .text.libgcc.div
                0x00000000        0x0 c:/program files (x86)/atmel/studio/7.0/toolchain/avr8/avr8-gnu-toolchain/bin/../lib/gcc/avr/5.4.0/avr51\libgcc.a(_exit.o)
 .text.libgcc   0x00000000        0x0 c:/program files (x86)/atmel/studio/7.0/toolchain/avr8/avr8-gnu-toolchain/bin/../lib/gcc/avr/5.4.0/avr51\libgcc.a(_exit.o)
 .text.libgcc.prologue
                0x00000000        0x0 c:/program files (x86)/atmel/studio/7.0/toolchain/avr8/avr8-gnu-toolchain/bin/../lib/gcc/avr/5.4.0/avr51\libgcc.a(_exit.o)
 .text.libgcc.builtins
                0x00000000        0x0 c:/program files (x86)/atmel/studio/7.0/toolchain/avr8/avr8-gnu-toolchain/bin/../lib/gcc/avr/5.4.0/avr51\libgcc.a(_exit.o)
 .text.libgcc.fmul
                0x00000000        0x0 c:/program files (x86)/atmel/studio/7.0/toolchain/avr8/avr8-gnu-toolchain/bin/../lib/gcc/avr/5.4.0/avr51\libgcc.a(_exit.o)
 .text.libgcc.fixed
                0x00000000        0x0 c:/program files (x86)/atmel/studio/7.0/toolchain/avr8/avr8-gnu-toolchain/bin/../lib/gcc/avr/5.4.0/avr51\libgcc.a(_exit.o)
 .text          0x00000000        0x0 c:/program files (x86)/atmel/studio/7.0/toolchain/avr8/avr8-gnu-toolchain/bin/../lib/gcc/avr/5.4.0/avr51\libgcc.a(_copy_data.o)
 .data          0x00000000        0x0 c:/program files (x86)/atmel/studio/7.0/toolchain/avr8/avr8-gnu-toolchain/bin/../lib/gcc/avr/5.4.0/avr51\libgcc.a(_copy_data.o)
 .bss           0x00000000        0x0 c:/program files (x86)/atmel/studio/7.0/toolchain/avr8/avr8-gnu-toolchain/bin/../lib/gcc/avr/5.4.0/avr51\libgcc.a(_copy_data.o)
 .text.libgcc.mul
                0x00000000        0x0 c:/program files (x86)/atmel/studio/7.0/toolchain/avr8/avr8-gnu-toolchain/bin/../lib/gcc/avr/5.4.0/avr51\libgcc.a(_copy_data.o)
 .text.libgcc.div
                0x00000000        0x0 c:/program files (x86)/atmel/studio/7.0/toolchain/avr8/avr8-gnu-toolchain/bin/../lib/gcc/avr/5.4.0/avr51\libgcc.a(_copy_data.o)
 .text.libgcc   0x00000000        0x0 c:/program files (x86)/atmel/studio/7.0/toolchain/avr8/avr8-gnu-toolchain/bin/../lib/gcc/avr/5.4.0/avr51\libgcc.a(_copy_data.o)
 .text.libgcc.prologue
                0x00000000        0x0 c:/program files (x86)/atmel/studio/7.0/toolchain/avr8/avr8-gnu-toolchain/bin/../lib/gcc/avr/5.4.0/avr51\libgcc.a(_copy_data.o)
 .text.libgcc.builtins
                0x00000000        0x0 c:/program files (x86)/atmel/studio/7.0/toolchain/avr8/avr8-gnu-toolchain/bin/../lib/gcc/avr/5.4.0/avr51\libgcc.a(_copy_data.o)
 .text.libgcc.fmul
                0x00000000        0x0 c:/program files (x86)/atmel/studio/7.0/toolchain/avr8/avr8-gnu-toolchain/bin/../lib/gcc/avr/5.4.0/avr51\libgcc.a(_copy_data.o)
 .text.libgcc.fixed
                0x00000000        0x0 c:/program files (x86)/atmel/studio/7.0/toolchain/avr8/avr8-gnu-toolchain/bin/../lib/gcc/avr/5.4.0/avr51\libgcc.a(_copy_data.o)
 .text          0x00000000        0x0 c:/program files (x86)/atmel/studio/7.0/toolchain/avr8/avr8-gnu-toolchain/bin/../lib/gcc/avr/5.4.0/avr51\libgcc.a(_clear_bss.o)
 .data          0x00000000        0x0 c:/program files (x86)/atmel/studio/7.0/toolchain/avr8/avr8-gnu-toolchain/bin/../lib/gcc/avr/5.4.0/avr51\libgcc.a(_clear_bss.o)
 .bss           0x00000000        0x0 c:/program files (x86)/atmel/studio/7.0/toolchain/avr8/avr8-gnu-toolchain/bin/../lib/gcc/avr/5.4.0/avr51\libgcc.a(_clear_bss.o)
 .text.libgcc.mul
                0x00000000        0x0 c:/program files (x86)/atmel/studio/7.0/toolchain/avr8/avr8-gnu-toolchain/bin/../lib/gcc/avr/5.4.0/avr51\libgcc.a(_clear_bss.o)
 .text.libgcc.div
                0x00000000        0x0 c:/program files (x86)/atmel/studio/7.0/toolchain/avr8/avr8-gnu-toolchain/bin/../lib/gcc/avr/5.4.0/avr51\libgcc.a(_clear_bss.o)
 .text.libgcc   0x00000000        0x0 c:/program files (x86)/atmel/studio/7.0/toolchain/avr8/avr8-gnu-toolchain/bin/../lib/gcc/avr/5.4.0/avr51\libgcc.a(_clear_bss.o)
 .text.libgcc.prologue
                0x00000000        0x0 c:/program files (x86)/atmel/studio/7.0/toolchain/avr8/avr8-gnu-toolchain/bin/../lib/gcc/avr/5.4.0/avr51\libgcc.a(_clear_bss.o)
 .text.libgcc.builtins
                0x00000000        0x0 c:/program files (x86)/atmel/studio/7.0/toolchain/avr8/avr8-gnu-toolchain/bin/../lib/gcc/avr/5.4.0/avr51\libgcc.a(_clear_bss.o)
 .text.libgcc.fmul
                0x00000000        0x0 c:/program files (x86)/atmel/studio/7.0/toolchain/avr8/avr8-gnu-toolchain/bin/../lib/gcc/avr/5.4.0/avr51\libgcc.a(_clear_bss.o)
 .text.libgcc.fixed
                0x00000000        0x0 c:/program files (x86)/atmel/studio/7.0/toolchain/avr8/avr8-gnu-toolchain/bin/../lib/gcc/avr/5.4.0/avr51\libgcc.a(_clear_bss.o)
 .text          0x00000000        0x0 c:/program files (x86)/atmel/studio/7.0/toolchain/avr8/avr8-gnu-toolchain/bin/../lib/gcc/avr/5.4.0/avr51\libgcc.a(_umulhisi3.o)
 .data          0x00000000        0x0 c:/program files (x86)/atmel/studio/7.0/toolchain/avr8/avr8-gnu-toolchain/bin/../lib/gcc/avr/5.4.0/avr51\libgcc.a(_umulhisi3.o)
 .bss           0x00000000        0x0 c:/program files (x86)/atmel/studio/7.0/toolchain/avr8/avr8-gnu-toolchain/bin/../lib/gcc/avr/5.4.0/avr51\libgcc.a(_umulhisi3.o)
 .text.libgcc.div
                0x00000000        0x0 c:/program files (x86)/atmel/studio/7.0/toolchain/avr8/avr8-gnu-toolchain/bin/../lib/gcc/avr/5.4.0/avr51\libgcc.a(_umulhisi3.o)
 .text.libgcc   0x00000000        0x0 c:/program files (x86)/atmel/studio/7.0/toolchain/avr8/avr8-gnu-toolchain/bin/../lib/gcc/avr/5.4.0/avr51\libgcc.a(_umulhisi3.o)
 .text.libgcc.prologue
                0x00000000        0x0 c:/program files (x86)/atmel/studio/7.0/toolchain/avr8/avr8-gnu-toolchain/bin/../lib/gcc/avr/5.4.0/avr51\libgcc.a(_umulhisi3.o)
 .text.libgcc.builtins
                0x00000000        0x0 c:/program files (x86)/atmel/studio/7.0/toolchain/avr8/avr8-gnu-toolchain/bin/../lib/gcc/avr/5.4.0/avr51\libgcc.a(_umulhisi3.o)
 .text.libgcc.fmul
                0x00000000        0x0 c:/program files (x86)/atmel/studio/7.0/toolchain/avr8/avr8-gnu-toolchain/bin/../lib/gcc/avr/5.4.0/avr51\libgcc.a(_umulhisi3.o)
 .text.libgcc.fixed
                0x00000000        0x0 c:/program files (x86)/atmel/studio/7.0/toolchain/avr8/avr8-gnu-toolchain/bin/../lib/gcc/avr/5.4.0/avr51\libgcc.a(_umulhisi3.o)

Memory Configuration

Name             Origin             Length             Attributes
text             0x00000000         0x00020000         xr
data             0x00800100         0x00001000         rw !x
eeprom           0x00810000         0x00001000         rw !x
fuse             0x00820000         0x00000003         rw !x
lock             0x00830000         0x00000400         rw !x
signature        0x00840000         0x00000400         rw !x
user_signatures  0x00850000         0x00000400         rw !x
*default*        0x00000000         0xffffffff

Linker script and memory map

Address of section .data set to 0x800100
LOAD C:/Program Files (x86)/Atmel/Studio/7.0/Packs/atmel/ATmega_DFP/1.7.374/gcc/dev/atmega128a/avr51/crtatmega128a.o
LOAD ap/stopwatch/stopwatch.o
LOAD common/timetick/timetick.o
LOAD driver/button/button.o
LOAD driver/fnd/fnd.o
LOAD main.o
LOAD periph/GPIO/GPIO.o
LOAD periph/TIM/TIM.o
START GROUP
LOAD c:/program files (x86)/atmel/studio/7.0/toolchain/avr8/avr8-gnu-toolchain/bin/../lib/gcc/avr/5.4.0/../../../../avr/lib/avr51\libm.a
END GROUP
START GROUP
LOAD c:/program files (x86)/atmel/studio/7.0/toolchain/avr8/avr8-gnu-toolchain/bin/../lib/gcc/avr/5.4.0/avr51\libgcc.a
LOAD c:/program files (x86)/atmel/studio/7.0/toolchain/avr8/avr8-gnu-toolchain/bin/../lib/gcc/avr/5.4.0/../../../../avr/lib/avr51\libm.a
LOAD c:/program files (x86)/atmel/studio/7.0/toolchain/avr8/avr8-gnu-toolchain/bin/../lib/gcc/avr/5.4.0/../../../../avr/lib/avr51\libc.a
LOAD C:/Program Files (x86)/Atmel/Studio/7.0/Packs/atmel/ATmega_DFP/1.7.374/gcc/dev/atmega128a/avr51\libatmega128a.a
END GROUP
                [0x00000000]                __TEXT_REGION_ORIGIN__ = DEFINED (__TEXT_REGION_ORIGIN__)?__TEXT_REGION_ORIGIN__:0x0
                [0x00800100]                __DATA_REGION_ORIGIN__ = DEFINED (__DATA_REGION_ORIGIN__)?__DATA_REGION_ORIGIN__:0x800100
                [0x00020000]                __TEXT_REGION_LENGTH__ = DEFINED (__TEXT_REGION_LENGTH__)?__TEXT_REGION_LENGTH__:0x20000
                [0x00001000]                __DATA_REGION_LENGTH__ = DEFINED (__DATA_REGION_LENGTH__)?__DATA_REGION_LENGTH__:0xff00
                [0x00001000]                __EEPROM_REGION_LENGTH__ = DEFINED (__EEPROM_REGION_LENGTH__)?__EEPROM_REGION_LENGTH__:0x10000
                [0x00000003]                __FUSE_REGION_LENGTH__ = DEFINED (__FUSE_REGION_LENGTH__)?__FUSE_REGION_LENGTH__:0x400
                0x00000400                __LOCK_REGION_LENGTH__ = DEFINED (__LOCK_REGION_LENGTH__)?__LOCK_REGION_LENGTH__:0x400
                0x00000400                __SIGNATURE_REGION_LENGTH__ = DEFINED (__SIGNATURE_REGION_LENGTH__)?__SIGNATURE_REGION_LENGTH__:0x400
                0x00000400                __USER_SIGNATURE_REGION_LENGTH__ = DEFINED (__USER_SIGNATURE_REGION_LENGTH__)?__USER_SIGNATURE_REGION_LENGTH__:0x400

.hash
 *(.hash)

.dynsym
 *(.dynsym)

.dynstr
 *(.dynstr)

.gnu.version
 *(.gnu.version)

.gnu.version_d
 *(.gnu.version_d)

.gnu.version_r
 *(.gnu.version_r)

.rel.init
 *(.rel.init)

.rela.init
 *(.rela.init)

.rel.text
 *(.rel.text)
 *(.rel.text.*)
 *(.rel.gnu.linkonce.t*)

.rela.text
 *(.rela.text)
 *(.rela.text.*)
 *(.rela.gnu.linkonce.t*)

.rel.fini
 *(.rel.fini)

.rela.fini
 *(.rela.fini)

.rel.rodata
 *(.rel.rodata)
 *(.rel.rodata.*)
 *(.rel.gnu.linkonce.r*)

.rela.rodata
 *(.rela.rodata)
 *(.rela.rodata.*)
 *(.rela.gnu.linkonce.r*)

.rel.data
 *(.rel.data)
 *(.rel.data.*)
 *(.rel.gnu.linkonce.d*)

.rela.data
 *(.rela.data)
 *(.rela.data.*)
 *(.rela.gnu.linkonce.d*)

.rel.ctors
 *(.rel.ctors)

.rela.ctors
 *(.rela.ctors)

.rel.dtors
 *(.rel.dtors)

.rela.dtors
 *(.rela.dtors)

.rel.got
 *(.rel.got)

.rela.got
 *(.rela.got)

.rel.bss
 *(.rel.bss)

.rela.bss
 *(.rela.bss)

.rel.plt
 *(.rel.plt)

.rela.plt
 *(.rela.plt)

.text           0x00000000      0x57e
 *(.vectors)
 .vectors       0x00000000       0x8c C:/Program Files (x86)/Atmel/Studio/7.0/Packs/atmel/ATmega_DFP/1.7.374/gcc/dev/atmega128a/avr51/crtatmega128a.o
                0x00000000                __vector_default
                0x00000000                __vectors
 *(.vectors)
 *(.progmem.gcc*)
                0x0000008c                . = ALIGN (0x2)
                0x0000008c                __trampolines_start = .
 *(.trampolines)
 .trampolines   0x0000008c        0x0 linker stubs
 *(.trampolines*)
                0x0000008c                __trampolines_end = .
 *libprintf_flt.a:*(.progmem.data)
 *libc.a:*(.progmem.data)
 *(.progmem*)
                0x0000008c                . = ALIGN (0x2)
 *(.jumptables)
 *(.jumptables*)
 *(.lowtext)
 *(.lowtext*)
                0x0000008c                __ctors_start = .
 *(.ctors)
                0x0000008c                __ctors_end = .
                0x0000008c                __dtors_start = .
 *(.dtors)
                0x0000008c                __dtors_end = .
 SORT(*)(.ctors)
 SORT(*)(.dtors)
 *(.init0)
 .init0         0x0000008c        0x0 C:/Program Files (x86)/Atmel/Studio/7.0/Packs/atmel/ATmega_DFP/1.7.374/gcc/dev/atmega128a/avr51/crtatmega128a.o
                0x0000008c                __init
 *(.init0)
 *(.init1)
 *(.init1)
 *(.init2)
 .init2         0x0000008c        0xc C:/Program Files (x86)/Atmel/Studio/7.0/Packs/atmel/ATmega_DFP/1.7.374/gcc/dev/atmega128a/avr51/crtatmega128a.o
 *(.init2)
 *(.init3)
 *(.init3)
 *(.init4)
 .init4         0x00000098       0x1a c:/program files (x86)/atmel/studio/7.0/toolchain/avr8/avr8-gnu-toolchain/bin/../lib/gcc/avr/5.4.0/avr51\libgcc.a(_copy_data.o)
                0x00000098                __do_copy_data
 .init4         0x000000b2       0x10 c:/program files (x86)/atmel/studio/7.0/toolchain/avr8/avr8-gnu-toolchain/bin/../lib/gcc/avr/5.4.0/avr51\libgcc.a(_clear_bss.o)
                0x000000b2                __do_clear_bss
 *(.init4)
 *(.init5)
 *(.init5)
 *(.init6)
 *(.init6)
 *(.init7)
 *(.init7)
 *(.init8)
 *(.init8)
 *(.init9)
 .init9         0x000000c2        0x4 C:/Program Files (x86)/Atmel/Studio/7.0/Packs/atmel/ATmega_DFP/1.7.374/gcc/dev/atmega128a/avr51/crtatmega128a.o
 *(.init9)
 *(.text)
 .text          0x000000c6        0x2 C:/Program Files (x86)/Atmel/Studio/7.0/Packs/atmel/ATmega_DFP/1.7.374/gcc/dev/atmega128a/avr51/crtatmega128a.o
                0x000000c6                __vector_22
                0x000000c6                __vector_28
                0x000000c6                __vector_1
                0x000000c6                __vector_32
                0x000000c6                __vector_34
                0x000000c6                __vector_24
                0x000000c6                __vector_12
                0x000000c6                __bad_interrupt
                0x000000c6                __vector_6
                0x000000c6                __vector_31
                0x000000c6                __vector_3
                0x000000c6                __vector_23
                0x000000c6                __vector_30
                0x000000c6                __vector_25
                0x000000c6                __vector_11
                0x000000c6                __vector_13
                0x000000c6                __vector_17
                0x000000c6                __vector_19
                0x000000c6                __vector_7
                0x000000c6                __vector_27
                0x000000c6                __vector_5
                0x000000c6                __vector_33
                0x000000c6                __vector_4
                0x000000c6                __vector_9
                0x000000c6                __vector_2
                0x000000c6                __vector_21
                0x000000c6                __vector_15
                0x000000c6                __vector_29
                0x000000c6                __vector_8
                0x000000c6                __vector_26
                0x000000c6                __vector_14
                0x000000c6                __vector_10
                0x000000c6                __vector_18
                0x000000c6                __vector_20
                0x000000c8                . = ALIGN (0x2)
 *(.text.*)
 .text.__vector_16
                0x000000c8       0x54 ap/stopwatch/stopwatch.o
                0x000000c8                __vector_16
 .text.stopwatch_init
                0x0000011c       0x44 ap/stopwatch/stopwatch.o
                0x0000011c                stopwatch_init
 .text.stopwatch_execute
                0x00000160       0xfe ap/stopwatch/stopwatch.o
                0x00000160                stopwatch_execute
 .text.incTick  0x0000025e       0x28 common/timetick/timetick.o
                0x0000025e                incTick
 .text.getTick  0x00000286       0x12 common/timetick/timetick.o
                0x00000286                getTick
 .text.Button_init
                0x00000298       0x1a driver/button/button.o
                0x00000298                Button_init
 .text.Button_GetState
                0x000002b2       0x58 driver/button/button.o
                0x000002b2                Button_GetState
 .text.FND_init
                0x0000030a        0xa driver/fnd/fnd.o
                0x0000030a                FND_init
 .text.showNum  0x00000314      0x1e6 driver/fnd/fnd.o
                0x00000314                showNum
 .text.FND_setfndData
                0x000004fa        0xa driver/fnd/fnd.o
                0x000004fa                FND_setfndData
 .text.FND_ISR_Process
                0x00000504        0xc driver/fnd/fnd.o
                0x00000504                FND_ISR_Process
 .text.main     0x00000510        0x6 main.o
                0x00000510                main
 .text.GPIO_initPin
                0x00000516       0x34 periph/GPIO/GPIO.o
                0x00000516                GPIO_initPin
 .text.initTIM0
                0x0000054a       0x12 periph/TIM/TIM.o
                0x0000054a                initTIM0
 .text.libgcc.mul
                0x0000055c       0x1e c:/program files (x86)/atmel/studio/7.0/toolchain/avr8/avr8-gnu-toolchain/bin/../lib/gcc/avr/5.4.0/avr51\libgcc.a(_umulhisi3.o)
                0x0000055c                __umulhisi3
                0x0000057a                . = ALIGN (0x2)
 *(.fini9)
 .fini9         0x0000057a        0x0 c:/program files (x86)/atmel/studio/7.0/toolchain/avr8/avr8-gnu-toolchain/bin/../lib/gcc/avr/5.4.0/avr51\libgcc.a(_exit.o)
                0x0000057a                _exit
                0x0000057a                exit
 *(.fini9)
 *(.fini8)
 *(.fini8)
 *(.fini7)
 *(.fini7)
 *(.fini6)
 *(.fini6)
 *(.fini5)
 *(.fini5)
 *(.fini4)
 *(.fini4)
 *(.fini3)
 *(.fini3)
 *(.fini2)
 *(.fini2)
 *(.fini1)
 *(.fini1)
 *(.fini0)
 .fini0         0x0000057a        0x4 c:/program files (x86)/atmel/studio/7.0/toolchain/avr8/avr8-gnu-toolchain/bin/../lib/gcc/avr/5.4.0/avr51\libgcc.a(_exit.o)
 *(.fini0)
                0x0000057e                _etext = .

.data           0x00800100        0xa load address 0x0000057e
                0x00800100                PROVIDE (__data_start, .)
 *(.data)
 *(.data*)
 *(.gnu.linkonce.d*)
 *(.rodata)
 .rodata        0x00800100        0xa driver/fnd/fnd.o
 *(.rodata*)
 *(.gnu.linkonce.r*)
                0x0080010a                . = ALIGN (0x2)
                0x0080010a                _edata = .
                0x0080010a                PROVIDE (__data_end, .)

.bss            0x0080010a       0x1a
                0x0080010a                PROVIDE (__bss_start, .)
 *(.bss)
 *(.bss*)
 .bss.timeTick  0x0080010a        0x4 common/timetick/timetick.o
                0x0080010a                timeTick
 .bss.fndDigitState.1741
                0x0080010e        0x1 driver/fnd/fnd.o
 .bss.data      0x0080010f        0x2 driver/fnd/fnd.o
                0x0080010f                data
 *(COMMON)
 COMMON         0x00800111       0x13 ap/stopwatch/stopwatch.o
                0x00800111                runStopBtn
                0x00800117                prevtime
                0x0080011b                initBtn
                0x00800121                stopwatchState
                0x00800122                counter
                0x00800124                PROVIDE (__bss_end, .)
                0x0000057e                __data_load_start = LOADADDR (.data)
                0x00000588                __data_load_end = (__data_load_start + SIZEOF (.data))

.noinit         0x00800124        0x0
                [!provide]                PROVIDE (__noinit_start, .)
 *(.noinit*)
                [!provide]                PROVIDE (__noinit_end, .)
                0x00800124                _end = .
                [!provide]                PROVIDE (__heap_start, .)

.eeprom         0x00810000        0x0
 *(.eeprom*)
                0x00810000                __eeprom_end = .

.fuse
 *(.fuse)
 *(.lfuse)
 *(.hfuse)
 *(.efuse)

.lock
 *(.lock*)

.signature
 *(.signature*)

.user_signatures
 *(.user_signatures*)

.stab
 *(.stab)

.stabstr
 *(.stabstr)

.stab.excl
 *(.stab.excl)

.stab.exclstr
 *(.stab.exclstr)

.stab.index
 *(.stab.index)

.stab.indexstr
 *(.stab.indexstr)

.comment        0x00000000       0x30
 *(.comment)
 .comment       0x00000000       0x30 ap/stopwatch/stopwatch.o
                                 0x31 (size before relaxing)
 .comment       0x00000030       0x31 common/timetick/timetick.o
 .comment       0x00000030       0x31 driver/button/button.o
 .comment       0x00000030       0x31 driver/fnd/fnd.o
 .comment       0x00000030       0x31 main.o
 .comment       0x00000030       0x31 periph/GPIO/GPIO.o
 .comment       0x00000030       0x31 periph/TIM/TIM.o

.note.gnu.avr.deviceinfo
                0x00000000       0x40
 .note.gnu.avr.deviceinfo
                0x00000000       0x40 C:/Program Files (x86)/Atmel/Studio/7.0/Packs/atmel/ATmega_DFP/1.7.374/gcc/dev/atmega128a/avr51/crtatmega128a.o

.note.gnu.build-id
 *(.note.gnu.build-id)

.debug
 *(.debug)

.line
 *(.line)

.debug_srcinfo
 *(.debug_srcinfo)

.debug_sfnames
 *(.debug_sfnames)

.debug_aranges  0x00000000      0x150
 *(.debug_aranges)
 .debug_aranges
                0x00000000       0x30 ap/stopwatch/stopwatch.o
 .debug_aranges
                0x00000030       0x38 common/timetick/timetick.o
 .debug_aranges
                0x00000068       0x28 driver/button/button.o
 .debug_aranges
                0x00000090       0x38 driver/fnd/fnd.o
 .debug_aranges
                0x000000c8       0x20 main.o
 .debug_aranges
                0x000000e8       0x48 periph/GPIO/GPIO.o
 .debug_aranges
                0x00000130       0x20 periph/TIM/TIM.o

.debug_pubnames
 *(.debug_pubnames)

.debug_info     0x00000000     0x140f
 *(.debug_info .gnu.linkonce.wi.*)
 .debug_info    0x00000000      0x780 C:/Program Files (x86)/Atmel/Studio/7.0/Packs/atmel/ATmega_DFP/1.7.374/gcc/dev/atmega128a/avr51/crtatmega128a.o
 .debug_info    0x00000780      0x395 ap/stopwatch/stopwatch.o
 .debug_info    0x00000b15       0xf5 common/timetick/timetick.o
 .debug_info    0x00000c0a      0x29d driver/button/button.o
 .debug_info    0x00000ea7      0x14f driver/fnd/fnd.o
 .debug_info    0x00000ff6      0x184 main.o
 .debug_info    0x0000117a      0x213 periph/GPIO/GPIO.o
 .debug_info    0x0000138d       0x82 periph/TIM/TIM.o

.debug_abbrev   0x00000000      0xd96
 *(.debug_abbrev)
 .debug_abbrev  0x00000000      0x718 C:/Program Files (x86)/Atmel/Studio/7.0/Packs/atmel/ATmega_DFP/1.7.374/gcc/dev/atmega128a/avr51/crtatmega128a.o
 .debug_abbrev  0x00000718      0x133 ap/stopwatch/stopwatch.o
 .debug_abbrev  0x0000084b       0xa1 common/timetick/timetick.o
 .debug_abbrev  0x000008ec      0x1a2 driver/button/button.o
 .debug_abbrev  0x00000a8e       0xf6 driver/fnd/fnd.o
 .debug_abbrev  0x00000b84       0xc3 main.o
 .debug_abbrev  0x00000c47      0x100 periph/GPIO/GPIO.o
 .debug_abbrev  0x00000d47       0x4f periph/TIM/TIM.o

.debug_line     0x00000000      0xae2
 *(.debug_line .debug_line.* .debug_line_end)
 .debug_line    0x00000000      0x16a C:/Program Files (x86)/Atmel/Studio/7.0/Packs/atmel/ATmega_DFP/1.7.374/gcc/dev/atmega128a/avr51/crtatmega128a.o
 .debug_line    0x0000016a      0x25c ap/stopwatch/stopwatch.o
 .debug_line    0x000003c6       0xf9 common/timetick/timetick.o
 .debug_line    0x000004bf      0x1da driver/button/button.o
 .debug_line    0x00000699      0x149 driver/fnd/fnd.o
 .debug_line    0x000007e2       0xfc main.o
 .debug_line    0x000008de      0x151 periph/GPIO/GPIO.o
 .debug_line    0x00000a2f       0xb3 periph/TIM/TIM.o

.debug_frame    0x00000000      0x240
 *(.debug_frame)
 .debug_frame   0x00000000       0x98 ap/stopwatch/stopwatch.o
 .debug_frame   0x00000098       0x54 common/timetick/timetick.o
 .debug_frame   0x000000ec       0x34 driver/button/button.o
 .debug_frame   0x00000120       0x64 driver/fnd/fnd.o
 .debug_frame   0x00000184       0x24 main.o
 .debug_frame   0x000001a8       0x74 periph/GPIO/GPIO.o
 .debug_frame   0x0000021c       0x24 periph/TIM/TIM.o

.debug_str      0x00000000      0x677
 *(.debug_str)
 .debug_str     0x00000000      0x27d C:/Program Files (x86)/Atmel/Studio/7.0/Packs/atmel/ATmega_DFP/1.7.374/gcc/dev/atmega128a/avr51/crtatmega128a.o
 .debug_str     0x0000027d      0x258 ap/stopwatch/stopwatch.o
                                0x28c (size before relaxing)
 .debug_str     0x000004d5       0x3d common/timetick/timetick.o
                                0x1a7 (size before relaxing)
 .debug_str     0x00000512       0x7f driver/button/button.o
                                0x250 (size before relaxing)
 .debug_str     0x00000591       0x42 driver/fnd/fnd.o
                                0x1d1 (size before relaxing)
 .debug_str     0x000005d3       0x11 main.o
                                0x1f2 (size before relaxing)
 .debug_str     0x000005e4       0x7f periph/GPIO/GPIO.o
                                0x204 (size before relaxing)
 .debug_str     0x00000663       0x14 periph/TIM/TIM.o
                                0x176 (size before relaxing)

.debug_loc      0x00000000      0x418
 *(.debug_loc)
 .debug_loc     0x00000000       0xfa ap/stopwatch/stopwatch.o
 .debug_loc     0x000000fa      0x177 driver/button/button.o
 .debug_loc     0x00000271       0xe7 driver/fnd/fnd.o
 .debug_loc     0x00000358       0xc0 periph/GPIO/GPIO.o

.debug_macinfo
 *(.debug_macinfo)

.debug_weaknames
 *(.debug_weaknames)

.debug_funcnames
 *(.debug_funcnames)

.debug_typenames
 *(.debug_typenames)

.debug_varnames
 *(.debug_varnames)

.debug_pubtypes
 *(.debug_pubtypes)

.debug_ranges   0x00000000       0xe0
 *(.debug_ranges)
 .debug_ranges  0x00000000       0x20 ap/stopwatch/stopwatch.o
 .debug_ranges  0x00000020       0x28 common/timetick/timetick.o
 .debug_ranges  0x00000048       0x18 driver/button/button.o
 .debug_ranges  0x00000060       0x28 driver/fnd/fnd.o
 .debug_ranges  0x00000088       0x10 main.o
 .debug_ranges  0x00000098       0x38 periph/GPIO/GPIO.o
 .debug_ranges  0x000000d0       0x10 periph/TIM/TIM.o

.debug_macro
 *(.debug_macro)
OUTPUT(fnd.elf elf32-avr)
LOAD linker stubs
